// Jest Snapshot v1, https://goo.gl/fbAQLP

exports[`Pruebas en <GifGridfItem /> Se debe cargar el componente <GigGridItem/> correctamente 1`] = `
<div
  className="card animate__animated animate__bounce"
>
  <img
    alt="Titulo"
    src="https://localhost:/algo.jpeg"
  />
  <p>
    Titulo
  </p>
</div>
`;
